// Jest Snapshot v1, https://goo.gl/fbAQLP

exports[`scrollable element is "overflow: visible" but hidden by iframe should scroll to inside iframe 1`] = `
[
  {
    "el": "html",
    "left": 0,
    "top": 116,
  },
]
`;
