// Jest Snapshot v1, https://goo.gl/fbAQLP

exports[`the "nearest" option works with target and frame having equal dimensions block: "nearest" 1`] = `
[
  {
    "el": "div.container",
    "left": 0,
    "top": 100,
  },
  {
    "el": "html",
    "left": 0,
    "top": 0,
  },
]
`;
